Criando personagem com Vida: 90 Vida Max: 0 Armadura Vida: 13 Sanidade: 68 Sanidade Max: 67 Armadura Sanidade: 5 Esforço: 0 Nível: 9 Classe: Classe
    [OBJECT] | Adicionado item: Espada Longa
    [OBJECT] | Adicionado item: Poção de Cura
    [OBJECT] | Adicionado item: Poção de Sanidade
    [OBJECT] | Adicionado item: Revólver
Arma: Revólver, Tipo: Armas de Fogo P, Tamanho: G
Arma: Espada Longa, Tipo: Armas Brancas G, Tamanho: G
Item: Poção de Sanidade, Tamanho: P
Item: Poção de Cura, Tamanho: P
Total de armas: 2
-------------------------------------- SETUP DONE
Emitting use signal for item: Poção de Sanidade
[DISPATCHER] | Handling Item Use: Poção de Sanidade
    [OBJECT] | Usando item: Poção de Sanidade, Quantidade restante: 1
 [INTERFACE] | Setting value: 1 / None
Emitting use signal for item: Poção de Sanidade
[DISPATCHER] | Handling Item Use: Poção de Sanidade
    [OBJECT] | Usando item: Poção de Sanidade, Quantidade restante: 0
 [INTERFACE] | Setting value: 0 / None
Emitting use signal for item: Poção de Sanidade
[DISPATCHER] | Handling Item Use: Poção de Sanidade
    [DISPATCHER] | Item 'Poção de Sanidade' esgotado! Removendo do inventário.
removendo item: Poção de Sanidade
    [OBJECT] | Removido item: Poção de Sanidade
