.
Nivel = 9
Vida = 65
Vida_Max = 0
Sanidade = 75
Sanidade_Max = 67
Esforço = 9
Armadura = 13
Armadura_S = 5
BP1_N = Corpo // Físico
BP1_V = 190
BP1_P1_N = Agilidade
BP1_P1_V = 80
BP1_P2_N = Constituição
BP1_P2_V = 60
BP1_P3_N = Força
BP1_P3_V = 50
BP2_N = Perícias Específicas
BP2_V = 240
BP2_P1_N = Medicina
BP2_P1_V = 80
BP2_P2_N = Cirurgia
BP2_P2_V = 80
BP2_P3_N = Anatomia
BP2_P3_V = 80
BP3_N = Percepção // Ambiente
BP3_V = 260
BP3_P1_N = Investigação
BP3_P1_V = 95
BP3_P2_N = Escutar
BP3_P2_V = 85
BP3_P3_N = Vigilância
BP3_P3_V = 85
BP4_N = Conhecimento // Experiências
BP4_V = 290
BP4_P1_N = Ciências
BP4_P1_V = 95
BP4_P2_N = Tecnologia
BP4_P2_V = 95
BP4_P3_N = Linguagem
BP4_P3_V = 95
BP5_N = Crime // Infiltração
BP5_V = 140
BP5_P1_N = Furtividade
BP5_P1_V = 60
BP5_P2_N = Crime
BP5_P2_V = 60
BP5_P3_N = Distração
BP5_P3_V = 20
BP6_N = Intelectual // Mental
BP6_V = 180
BP6_P1_N = Inteligência
BP6_P1_V = 90
BP6_P2_N = Lábia
BP6_P2_V = 60
BP6_P3_N = Psicologia
BP6_P3_V = 30
BPC1_N = Corpo a corpo
BPC1_V = 285
BPC1_P1_N = Combate Direto
BPC1_P1_V = 95
BPC1_P2_N = Assalto
BPC1_P2_V = 95
BPC1_P3_N = Artes Marciais
BPC1_P3_V = 10
BPC1_P4_N = Duelo de Névoa
BPC1_P4_V = 85
BPC2_N = Armas de Fogo
BPC2_V = 235
BPC2_P1_N = Armas de Fogo P
BPC2_P1_V = 90
BPC2_P2_N = Armas de Fogo G
BPC2_P2_V = 70
BPC2_P3_N = Armas de Fogo XL
BPC2_P3_V = 65
BPC2_P4_N = Armas de Fogo Ocultistas
BPC2_P4_V = 10
BPC3_N = Armas Brancas
BPC3_V = 335
BPC3_P1_N = Armas Brancas P
BPC3_P1_V = 95
BPC3_P2_N = Armas Brancas G
BPC3_P2_V = 70
BPC3_P3_N = Armas Brancas XL
BPC3_P3_V = 70
BPC3_P4_N = Armas Brancas Ocultistas
BPC3_P4_V = 95
BPC3_P5_N = Dano normal
BPC3_P5_V = 4
BPC3_P6_N = Dano bom
BPC3_P6_V = 5
BPC3_P7_N = Dano extremo
BPC3_P7_V = 6
BPC3_P8_N = Dano normal
BPC3_P8_V = 3
BPC3_P9_N = Dano bom
BPC3_P9_V = 7
BPC3_P10_N = Dano extremo
BPC3_P10_V = 8
W1_N = Zirkani - Lâmina menor
W1_D1 = (5~) + (5\*) + (5|) + (5-) + (5^)
W1_D2 = (10~) + (10\*) + (10|) + (10-) + (10^)
W1_D3 = (20~) + (20\*) + (20|) + (20-) + (20^)
BPC3_P11_N = Dano normal
BPC3_P11_V = 5
BPC3_P12_N = Dano bom
BPC3_P12_V = 7
BPC3_P13_N = Dano extremo
BPC3_P13_V = 10
